// Jest Snapshot v1, https://goo.gl/fbAQLP

exports[`App reducer error 1`] = `
Object {
  "categories": Object {
    "error": [Error: oops],
    "loading": false,
    "result": null,
  },
  "currentCategory": null,
}
`;
